ASxxxx Linker V03.00/V05.40 + sdld,  page 1.
Hexadecimal  [32-Bits]

Area                                    Addr        Size        Decimal Bytes (Attributes)
--------------------------------        ----        ----        ------- ----- ------------
CABS                                00000000    00000000 =           0. bytes (ABS,CON,CODE)

      Value  Global                              Global Defined In Module
      -----  --------------------------------   ------------------------
C:   00000000  l_BIT_BANK                      
C:   00000000  l_BSEG                          
C:   00000000  l_BSEG_BYTES                    
C:   00000000  l_CABS                          
C:   00000000  l_GSINIT                        
C:   00000000  l_GSINIT1                       
C:   00000000  l_GSINIT5                       
C:   00000000  l_IABS                          
C:   00000000  l_ISEG                          
C:   00000000  l_PSEG                          
C:   00000000  l_REG_BANK_1                    
C:   00000000  l_REG_BANK_2                    
C:   00000000  l_REG_BANK_3                    
C:   00000000  l_RSEG                          
C:   00000000  l_RSEG0                         
C:   00000000  l_RSEG1                         
C:   00000000  l_XABS                          
C:   00000000  l_XINIT                         
C:   00000000  l_XISEG                         
C:   00000000  l_XSEG                          
C:   00000000  l__CODE                         
C:   00000000  s_BSEG                          
C:   00000000  s_CABS                          
C:   00000000  s_DSEG                          
C:   00000000  s_HOME                          
C:   00000000  s_IABS                          
C:   00000000  s_ISEG                          
C:   00000000  s_REG_BANK_0                    
C:   00000000  s_RSEG                          
C:   00000000  s_RSEG0                         
C:   00000000  s_RSEG1                         
C:   00000000  s_XABS                          
C:   00000001  l_CONST                         
C:   00000001  l_OSEG                          
C:   00000001  s_PSEG                          
C:   00000001  s_XISEG                         
C:   00000001  s_XSEG                          
C:   00000003  l_GSFINAL                       
C:   00000003  l_GSINIT0                       
C:   00000008  l_REG_BANK_0                    
C:   00000008  s_REG_BANK_1                    
C:   0000000A  l_GSINIT2                       
C:   00000010  s_OSEG                          
C:   00000010  s_REG_BANK_2                    
C:   00000011  s_SSEG                          
C:   00000018  s_BIT_BANK                      
C:   00000018  s_REG_BANK_3                    
C:   00000020  s_BSEG_BYTES                    
C:   00000020  s__CODE                         
C:   00000022  l_GSINIT3                       
ASxxxx Linker V03.00/V05.40 + sdld,  page 2.
Hexadecimal  [32-Bits]

Area                                    Addr        Size        Decimal Bytes (Attributes)
--------------------------------        ----        ----        ------- ----- ------------
CABS                                00000000    00000000 =           0. bytes (ABS,CON,CODE)

      Value  Global                              Global Defined In Module
      -----  --------------------------------   ------------------------
C:   0000002A  l_GSINIT4                       
C:   0000004C  l_HOME                          
C:   0000004C  s_GSINIT0                       
C:   0000004F  s_GSINIT1                       
C:   0000004F  s_GSINIT2                       
C:   00000059  s_GSINIT3                       
C:   0000007B  s_GSINIT4                       
C:   00000080  l_DSEG                          
C:   000000A5  s_GSFINAL                       
C:   000000A5  s_GSINIT                        
C:   000000A5  s_GSINIT5                       
C:   000000A8  s_CSEG                          
C:   000000D9  l_CSEG                          
C:   000000EF  l_SSEG                          
C:   00000100  l_IRAM                          
C:   00000181  s_CONST                         
C:   00000182  s_XINIT                         

ASxxxx Linker V03.00/V05.40 + sdld,  page 3.
Hexadecimal  [32-Bits]

Area                                    Addr        Size        Decimal Bytes (Attributes)
--------------------------------        ----        ----        ------- ----- ------------
.  .ABS.                            00000000    00000000 =           0. bytes (ABS,CON)

      Value  Global                              Global Defined In Module
      -----  --------------------------------   ------------------------
     00000000  .__.ABS.                           _startup
     00000001  _FLAG_1H                           p8051
     00000008  _FLAG_8H                           p8051
     00000009  _FLAG_9H                           p8051
     0000000A  _FLAG_0AH                          p8051
     0000000B  _FLAG_0BH                          p8051
     0000000C  _FLAG_0CH                          p8051
     0000000D  _FLAG_0DH                          p8051
     0000000E  _FLAG_0EH                          p8051
     0000000F  _FLAG_0FH                          p8051
     00000010  _FLAG_10H                          p8051
     00000011  _FLAG_11H                          p8051
     00000012  _FLAG_12H                          p8051
     00000013  _FLAG_13H                          p8051
     00000014  _FLAG_14H                          p8051
     00000015  _FLAG_15H                          p8051
     00000016  _FLAG_16H                          p8051
     00000017  _FLAG_17H                          p8051
     00000018  _FLAG_18H                          p8051
     00000019  _FLAG_19H                          p8051
     0000001A  _FLAG_1AH                          p8051
     0000001B  _FLAG_1BH                          p8051
     0000001C  _FLAG_1CH                          p8051
     0000001D  _FLAG_1DH                          p8051
     0000001E  _FLAG_1EH                          p8051
     0000001F  _FLAG_1FH                          p8051
     00000020  _FLAG_20H                          p8051
     00000021  _FLAG_21H                          p8051
     00000022  _FLAG_22H                          p8051
     00000023  _FLAG_23H                          p8051
     00000024  _FLAG_PARITY_RCV                   p8051
     00000025  _FLAG_25H                          p8051
     00000026  _MODE_SEL                          p8051
     00000027  _LAST_SCAN                         p8051
     00000028  _RATE_VAL                          p8051
     00000029  _DELAY_VAL                         p8051
     0000002A  _SCAN_SET                          p8051
     0000002B  _VAR_2B                            p8051
     0000002C  _TX_BYTE                           p8051
     0000002D  _LAST_BYTE                         p8051
     0000002E  _PTR_W                             p8051
     0000002F  _PTR_R                             p8051
     00000030  _SCAN_PTR                          p8051
     00000031  _VAR_31                            p8051
     00000032  _KEY_COUNT                         p8051
     00000033  _VAR_33                            p8051
     00000072  _STATUS_L                          p8051
     00000073  _STATUS_H                          p8051
     00000080  _P0                                p8051
     00000080  _P0_0                              p8051
ASxxxx Linker V03.00/V05.40 + sdld,  page 4.
Hexadecimal  [32-Bits]

Area                                    Addr        Size        Decimal Bytes (Attributes)
--------------------------------        ----        ----        ------- ----- ------------
.  .ABS.                            00000000    00000000 =           0. bytes (ABS,CON)

      Value  Global                              Global Defined In Module
      -----  --------------------------------   ------------------------
     00000081  _P0_1                              p8051
     00000081  _SP                                p8051
     00000082  _DPL                               p8051
     00000082  _P0_2                              p8051
     00000083  _DPH                               p8051
     00000083  _P0_3                              p8051
     00000084  _P0_4                              p8051
     00000085  _P0_5                              p8051
     00000086  _P0_6                              p8051
     00000087  _P0_7                              p8051
     00000087  _PCON                              p8051
     00000088  _IT0                               p8051
     00000088  _TCON                              p8051
     00000089  _IE0                               p8051
     00000089  _TMOD                              p8051
     0000008A  _IT1                               p8051
     0000008A  _TL0                               p8051
     0000008B  _IE1                               p8051
     0000008B  _TL1                               p8051
     0000008C  _TH0                               p8051
     0000008C  _TR0                               p8051
     0000008D  _TF0                               p8051
     0000008D  _TH1                               p8051
     0000008E  _TR1                               p8051
     0000008F  _TF1                               p8051
     00000090  _LED_P1_0                          p8051
     00000090  _P1                                p8051
     00000090  _P1_0                              p8051
     00000091  _LED_P1_1                          p8051
     00000091  _P1_1                              p8051
     00000092  _LED_P1_2                          p8051
     00000092  _P1_2                              p8051
     00000093  _BIT_93H                           p8051
     00000093  _P1_3                              p8051
     00000094  _P1_4                              p8051
     00000095  _BIT_95H                           p8051
     00000095  _P1_5                              p8051
     00000096  _P1_6                              p8051
     00000096  _PS2_DATA                          p8051
     00000097  _P1_7                              p8051
     00000097  _PS2_CLK                           p8051
     00000098  _RI                                p8051
     00000098  _SCON                              p8051
     00000099  _SBUF                              p8051
     00000099  _TI                                p8051
     0000009A  _RB8                               p8051
     0000009B  _TB8                               p8051
     0000009C  _REN                               p8051
     0000009D  _SM2                               p8051
     0000009E  _SM1                               p8051
     0000009F  _SM0                               p8051
ASxxxx Linker V03.00/V05.40 + sdld,  page 5.
Hexadecimal  [32-Bits]

Area                                    Addr        Size        Decimal Bytes (Attributes)
--------------------------------        ----        ----        ------- ----- ------------
.  .ABS.                            00000000    00000000 =           0. bytes (ABS,CON)

      Value  Global                              Global Defined In Module
      -----  --------------------------------   ------------------------
     000000A0  _P2                                p8051
     000000A0  _P2_0                              p8051
     000000A0  __XPAGE                            
     000000A1  _P2_1                              p8051
     000000A2  _P2_2                              p8051
     000000A3  _P2_3                              p8051
     000000A4  _P2_4                              p8051
     000000A5  _P2_5                              p8051
     000000A6  _P2_6                              p8051
     000000A7  _P2_7                              p8051
     000000A8  _EX0                               p8051
     000000A8  _IE                                p8051
     000000A9  _ET0                               p8051
     000000AA  _EX1                               p8051
     000000AB  _ET1                               p8051
     000000AC  _ES                                p8051
     000000AF  _EA                                p8051
     000000B0  _P3                                p8051
     000000B0  _P3_0                              p8051
     000000B0  _RXD                               p8051
     000000B1  _P3_1                              p8051
     000000B1  _TXD                               p8051
     000000B2  _INT0                              p8051
     000000B2  _P3_2                              p8051
     000000B3  _INT1                              p8051
     000000B3  _P3_3                              p8051
     000000B4  _P3_4                              p8051
     000000B4  _T0                                p8051
     000000B5  _P3_5                              p8051
     000000B5  _T1                                p8051
     000000B6  _P3_6                              p8051
     000000B6  _WR                                p8051
     000000B7  _P3_7                              p8051
     000000B7  _RD                                p8051
     000000B8  _IP                                p8051
     000000B8  _PX0                               p8051
     000000B9  _PT0                               p8051
     000000BA  _PX1                               p8051
     000000BB  _PT1                               p8051
     000000BC  _PS                                p8051
     000000D0  _P                                 p8051
     000000D0  _PSW                               p8051
     000000D1  _F1                                p8051
     000000D2  _OV                                p8051
     000000D3  _RS0                               p8051
     000000D4  _RS1                               p8051
     000000D5  _F0                                p8051
     000000D6  _AC                                p8051
     000000D7  _CY                                p8051
     000000E0  _ACC                               p8051
     000000F0  _B                                 p8051

ASxxxx Linker V03.00/V05.40 + sdld,  page 6.
Hexadecimal  [32-Bits]

Area                                    Addr        Size        Decimal Bytes (Attributes)
--------------------------------        ----        ----        ------- ----- ------------
REG_BANK_0                          00000000    00000008 =           8. bytes (REL,OVR)

      Value  Global                              Global Defined In Module
      -----  --------------------------------   ------------------------
ASxxxx Linker V03.00/V05.40 + sdld,  page 7.
Hexadecimal  [32-Bits]

Area                                    Addr        Size        Decimal Bytes (Attributes)
--------------------------------        ----        ----        ------- ----- ------------
DSEG                                00000000    00000080 =         128. bytes (REL,CON)

      Value  Global                              Global Defined In Module
      -----  --------------------------------   ------------------------
     00000008  _reg_r0                            p8051
     00000009  _reg_r1                            p8051
     0000000A  _reg_r2                            p8051
     0000000B  _reg_r3                            p8051
     0000000C  _reg_r4                            p8051
     0000000D  _reg_r5                            p8051
     0000000E  _reg_r6                            p8051
     0000000F  _reg_r7                            p8051

ASxxxx Linker V03.00/V05.40 + sdld,  page 8.
Hexadecimal  [32-Bits]

Area                                    Addr        Size        Decimal Bytes (Attributes)
--------------------------------        ----        ----        ------- ----- ------------
OSEG                                00000010    00000001 =           1. bytes (REL,OVR)

      Value  Global                              Global Defined In Module
      -----  --------------------------------   ------------------------
     00000010  _delay500ms_PARM_2                 p8051

ASxxxx Linker V03.00/V05.40 + sdld,  page 9.
Hexadecimal  [32-Bits]

Area                                    Addr        Size        Decimal Bytes (Attributes)
--------------------------------        ----        ----        ------- ----- ------------
SSEG                                00000011    000000EF =         239. bytes (REL,OVR)

      Value  Global                              Global Defined In Module
      -----  --------------------------------   ------------------------
     00000011  __start__stack                     p8051

ASxxxx Linker V03.00/V05.40 + sdld,  page 10.
Hexadecimal  [32-Bits]

Area                                    Addr        Size        Decimal Bytes (Attributes)
--------------------------------        ----        ----        ------- ----- ------------
HOME                                00000000    0000004C =          76. bytes (REL,CON,CODE)

      Value  Global                              Global Defined In Module
      -----  --------------------------------   ------------------------
C:   00000008  sdcc_atomic_exchange_rollback_st   p8051
C:   0000002F  sdcc_atomic_exchange_gptr_impl     p8051
C:   0000002F  sdcc_atomic_exchange_rollback_en   p8051
C:   0000003F  sdcc_atomic_compare_exchange_gpt   p8051
C:   00000049  __sdcc_program_startup             p8051

ASxxxx Linker V03.00/V05.40 + sdld,  page 11.
Hexadecimal  [32-Bits]

Area                                    Addr        Size        Decimal Bytes (Attributes)
--------------------------------        ----        ----        ------- ----- ------------
GSINIT0                             0000004C    00000003 =           3. bytes (REL,CON,CODE)

      Value  Global                              Global Defined In Module
      -----  --------------------------------   ------------------------
C:   0000004C  __sdcc_gsinit_startup              

ASxxxx Linker V03.00/V05.40 + sdld,  page 12.
Hexadecimal  [32-Bits]

Area                                    Addr        Size        Decimal Bytes (Attributes)
--------------------------------        ----        ----        ------- ----- ------------
GSINIT2                             0000004F    0000000A =          10. bytes (REL,CON,CODE)

      Value  Global                              Global Defined In Module
      -----  --------------------------------   ------------------------
ASxxxx Linker V03.00/V05.40 + sdld,  page 13.
Hexadecimal  [32-Bits]

Area                                    Addr        Size        Decimal Bytes (Attributes)
--------------------------------        ----        ----        ------- ----- ------------
GSINIT3                             00000059    00000022 =          34. bytes (REL,CON,CODE)

      Value  Global                              Global Defined In Module
      -----  --------------------------------   ------------------------
C:   00000059  __mcs51_genXINIT                   

ASxxxx Linker V03.00/V05.40 + sdld,  page 14.
Hexadecimal  [32-Bits]

Area                                    Addr        Size        Decimal Bytes (Attributes)
--------------------------------        ----        ----        ------- ----- ------------
GSINIT4                             0000007B    0000002A =          42. bytes (REL,CON,CODE)

      Value  Global                              Global Defined In Module
      -----  --------------------------------   ------------------------
C:   0000007B  __mcs51_genRAMCLEAR                
C:   00000081  __mcs51_genXRAMCLEAR               

ASxxxx Linker V03.00/V05.40 + sdld,  page 15.
Hexadecimal  [32-Bits]

Area                                    Addr        Size        Decimal Bytes (Attributes)
--------------------------------        ----        ----        ------- ----- ------------
GSFINAL                             000000A5    00000003 =           3. bytes (REL,CON,CODE)

      Value  Global                              Global Defined In Module
      -----  --------------------------------   ------------------------
ASxxxx Linker V03.00/V05.40 + sdld,  page 16.
Hexadecimal  [32-Bits]

Area                                    Addr        Size        Decimal Bytes (Attributes)
--------------------------------        ----        ----        ------- ----- ------------
CSEG                                000000A8    000000D9 =         217. bytes (REL,CON,CODE)

      Value  Global                              Global Defined In Module
      -----  --------------------------------   ------------------------
C:   000000A8  _label4                            p8051
C:   000000D1  _label9                            p8051
C:   000000EC  _label23                           p8051
C:   00000104  _delay500ms                        p8051
C:   00000118  _main                              p8051
C:   0000017D  ___sdcc_external_startup           _startup
ASxxxx Linker V03.00/V05.40 + sdld,  page 17.
Hexadecimal  [32-Bits]

Area                                    Addr        Size        Decimal Bytes (Attributes)
--------------------------------        ----        ----        ------- ----- ------------
CONST                               00000181    00000001 =           1. bytes (REL,CON,CODE)

      Value  Global                              Global Defined In Module
      -----  --------------------------------   ------------------------
C:   00000181  _data0EAE                          p8051

ASxxxx Linker V03.00/V05.40 + sdld,  page 18.

Files Linked                              [ module(s) ]

p8051.rel                                 [  ]


Libraries Linked                          [ object file ]

/usr/local/bin/../share/sdcc/lib/small/mcs51.lib
                                          [ crtclear.rel ]
/usr/local/bin/../share/sdcc/lib/small/mcs51.lib
                                          [ crtxinit.rel ]
/usr/local/bin/../share/sdcc/lib/small/mcs51.lib
                                          [ crtxclear.rel ]
/usr/local/bin/../share/sdcc/lib/small/mcs51.lib
                                          [ crtpagesfr.rel ]
/usr/local/bin/../share/sdcc/lib/small/mcs51.lib
                                          [ crtstart.rel ]
/usr/local/bin/../share/sdcc/lib/small/libsdcc.lib
                                          [ _startup.rel ]

ASxxxx Linker V03.00/V05.40 + sdld,  page 19.

User Base Address Definitions

HOME = 0x0000
XSEG = 0x0001
PSEG = 0x0001
ISEG = 0x0000
BSEG = 0x0000

